   Γû▓ Next.js 15.1.0

   Creating an optimized production build ...
 Γ£ô Compiled successfully
   Linting and checking validity of types ...
node.exe : Failed to 
compile.
At line:1 char:1
+ & "C:\Program 
Files\nodejs/node.exe" "C:\U
sers\srika\AppData\Roaming\ 
...
+ ~~~~~~~~~~~~~~~~~~~~~~~~~~
~~~~~~~~~~~~~~~~~~~~~~~~~~~~
~~~~~~~~~~~~~~~
    + CategoryInfo          
    : NotSpecified: (Faile  
  d to compile.:String) [   
 ], RemoteException
    + FullyQualifiedErrorId 
    : NativeCommandError
 

./app/components/NavLink.tsx
:1:56
Type error: Cannot find 
module 'react-router-dom' 
or its corresponding type 
declarations.

[0m[31m[1m>[22m[39m[90
m 1 |[39m [36mimport[39m 
{ [33mNavLink[39m 
[36mas[39m [33mRouterNavL
ink[39m[33m,[39m 
[33mNavLinkProps[39m } 
[36mfrom[39m [32m"react-r
outer-dom"[39m[33m;[39m[
0m
[0m [90m   |[39m         
                            
                   
[31m[1m^[22m[39m[0m
[0m [90m 2 |[39m 
[36mimport[39m { 
forwardRef } [36mfrom[39m 
[32m"react"[39m[33m;[39m
[0m
[0m [90m 3 |[39m 
[36mimport[39m { cn } 
[36mfrom[39m [32m"@/lib/u
tils"[39m[33m;[39m[0m
[0m [90m 4 |[39m[0m
